<html>
<body>
<pre>
<h1>µVision Build Log</h1>
<h2>Project:</h2>
D:\ForProject\STM32Cube\red_lead\Projects\MDK-ARM\red_lead.uvproj
Project File Date:  12/03/2014

<h2>Output:</h2>
Build target 'red_lead Configuration'
compiling gpio.c...
compiling main.c...
compiling stm32f4xx_it.c...
compiling tim.c...
compiling system_stm32f4xx.c...
compiling stm32f4xx_hal.c...
compiling stm32f4xx_hal_cortex.c...
compiling stm32f4xx_hal_dma.c...
compiling stm32f4xx_hal_dma_ex.c...
compiling stm32f4xx_hal_flash.c...
compiling stm32f4xx_hal_flash_ex.c...
compiling stm32f4xx_hal_flash_ramfunc.c...
compiling stm32f4xx_hal_gpio.c...
compiling stm32f4xx_hal_pwr.c...
compiling stm32f4xx_hal_pwr_ex.c...
compiling stm32f4xx_hal_rcc.c...
compiling stm32f4xx_hal_rcc_ex.c...
compiling stm32f4xx_hal_tim.c...
compiling stm32f4xx_hal_tim_ex.c...
linking...
Program Size: Code=3200 RO-data=440 RW-data=28 ZI-data=1084  
"red_lead Configuration\red_lead Configuration.axf" - 0 Error(s), 0 Warning(s).
Load "red_lead Configuration\\red_lead Configuration.axf" 
Erase Done.
Programming Done.
Verify OK.
</pre>
</body>
</html>
